Rep	Year	RepSeason	nExtantPatches	nIndividuals	fst	fis	fit	meanAllelePerLocus	meanAllelePerLocusPatches	meanFixedLoci	meanFixedLociPatches	meanObHeterozygosity
0	2	0	0	0	0	0	0	0	0	0	0	0
0	4	0	0	0	0	0	0	0	0	0	0	0
0	6	0	0	0	0	0	0	0	0	0	0	0
0	8	0	0	0	0	0	0	0	0	0	0	0
