Year	Generation	IndID	traitType	locusPosition	alleleValueA	alleleValueB
