RangeShifter 2.0  - 64 bit implementation
================    =====================

BATCH MODE 	yes
REPLICATES 	1
YEARS 	10
REPRODUCTIVE SEASONS / YEAR	1
PATCH-BASED MODEL
No. PATCHES 	50
BOUNDARIES 	reflective

LANDSCAPE:	imported map
TYPE: 	habitat codes
FILE NAME:  (see batch file) ../../../run_on_gha/rs_test_project/Inputs\LandFile_ex4.txt
No. HABITATS:	7
RESOLUTION (m): 	10
DIMENSIONS:  X 979  Y 619
AVAILABLE:   min.X 0 min.Y 0  max.X 978 max.Y 618

SPECIES DISTRIBUTION LOADED: 	yes
RESOLUTION (m)	10
FILE NAME:  (see batch file) ../../../run_on_gha/rs_test_project/Inputs\LandFile_ex4.txt

ENVIRONMENTAL GRADIENT:	 no
ENVIRONMENTAL STOCHASTICITY:	no
LOCAL EXTINCTION PROBABILITY:	0.0

SPECIES' PARAMETERS.
REPRODUCTION:
TYPE: Sexual model (simple)
PROP. of MALES	0.5
STAGE STRUCTURE:	yes
PROBABILITY OF REPRODUCING IN SUBSEQUENT SEASONS	1
No. OF REP. SEASONS BEFORE SUBSEQUENT REPRODUCTIONS	0
No. STAGES	3
MAX. AGE	1000
MIN. AGES:
stage	0:	0	years
stage	1:	0	years
stage	2:	0	years
FECUNDITIES:
stage	0:	0
stage	1:	0
stage	2:	5
DEVELOPMENT PROB.:
stage	0:	1
stage	1:	0.8
stage	2:	0
SURVIVAL PROB.:
stage	0:	1
stage	1:	0.5
stage	2:	0.8
SCHEDULING OF SURVIVAL: Annually
DENSITY-DEPENDENCE IN FECUNDITY:	yes
not stage-dependent
DENSITY-DEPENDENCE IN DEVELOPMENT:	no
DENSITY-DEPENDENCE IN SURVIVAL:		no

HABITAT SPECIFIC 1/b:
Habitat 1: 	1/b 10
Habitat 2: 	1/b 0
Habitat 3: 	1/b 0
Habitat 4: 	1/b 0
Habitat 5: 	1/b 0
Habitat 6: 	1/b 0
Habitat 7: 	1/b 0

DISPERSAL - EMIGRATION:	density-dependent
SEX-DEPENDENT:   no
STAGE-DEPENDENT: yes
INDIVIDUAL VARIABILITY: no
stage 0: 	D0: 0.5 	alpha: 10 	beta: 1
stage 1: 	D0: 0 	alpha: 0 	beta: 0
stage 2: 	D0: 0 	alpha: 0 	beta: 0

DISPERSAL - TRANSFER: 	SMS	costs:
	hab. 1	1
	hab. 2	1
	hab. 3	3
	hab. 4	5
	hab. 5	10
	hab. 6	20
	hab. 7	50
PERCEPTUAL RANGE:        5
PERCEPTUAL RANGE METHOD: 1
DIRECTIONAL PERSISTENCE: 10
MEMORY SIZE: 1
GOAL TYPE:   0
INDIVIDUAL VARIABILITY: no 
STRAIGHTEN PATH AFTER DECISION NOT TO SETTLE: no
STEP MORTALITY:	
constant 0.01

DISPERSAL - SETTLEMENT:
MIN. No. OF STEPS:	 0
MAX. No. OF STEPS:	 not applied
SEX-DEPENDENT:   no
STAGE-DEPENDENT: no
SETTLE IF: find a suitable cell/patch + mating requirements
MAX. No. OF STEPS/YEAR:	 not applied

GENETICS:
DIPLOID
Genome size: 300
Chromosome breaks : 299 
Recombination rate: 0
Traits modelled:  
0
2
3
13
19  

INITIALISATION CONDITIONS:
From species distribution: 	
all presence cells/patches
INITIAL NO. OF INDIVIDUALS: 	10 individuals per ha
INITIAL STAGE PROPORTIONS:
stage 1: 0.5 	stage 2: 0.5 	
Initial age distribution: lowest possible age
GEOGRAPHICAL CONSTRAINTS (cell numbers): 
min X: 0 max X: 0
min Y: 0 max Y: 0

OUTPUTS:
Range - every 1 year
Populations - every 1 year
SAVE MAPS: no
SAVE TRAITS MAPS: no
SMS HEAT MAPS: no
