Year	RepSeason	patchA	patchB	fst
2	0	11	11	0
2	0	34	34	0
2	0	48	48	0
2	0	11	34	0
2	0	11	48	0
2	0	34	48	0
4	0	11	11	0
4	0	34	34	0
4	0	48	48	0
4	0	11	34	0
4	0	11	48	0
4	0	34	48	0
6	0	11	11	0
6	0	34	34	0
6	0	48	48	0
6	0	11	34	0
6	0	11	48	0
6	0	34	48	0
8	0	11	11	0
8	0	34	34	0
8	0	48	48	0
8	0	11	34	0
8	0	11	48	0
8	0	34	48	0
