Event,Number,Reps,Years,Time
WARNING,***** RSDEBUG mode is active *****,,,
RANDOM SEED,666,,,
Landscape,37,,,1
Simulation,1,1,10,1

Batch,,,,3
