Event,Number,Reps,Years,Time
WARNING,***** RSDEBUG mode is active *****,,,
RANDOM SEED,666,,,
Landscape,37,,,3
Simulation,1,1,10,0

Batch,,,,3
